    - json
    - rss
    - csv


server:
  # Is overwritten by ${SEARXNG_PORT} and ${SEARXNG_BIND_ADDRESS}
  port: 8888
  bind_address: "127.0.0.1"
  # public URL of the instance, to ensure correct inbound links. Is overwritten
  # by ${SEARXNG_BASE_URL}.
  base_url: false  # "http://example.com/location"
  # rate limit the number of request on the instance, block some bots.
  # Is overwritten by ${SEARXNG_LIMITER}
  limiter: false
  # enable features designed only for public instances.
  # Is overwritten by ${SEARXNG_PUBLIC_INSTANCE}
  public_instance: false

  # If your instance owns a /etc/searxng/settings.yml file, then set the following
  # values there.

  secret_key: "ultrasecretkey"  # Is overwritten by ${SEARXNG_SECRET}
  # Proxy image results through SearXNG. Is overwritten by ${SEARXNG_IMAGE_PROXY}
  image_proxy: false
  # 1.0 and 1.1 are supported
  http_protocol_version: "1.0"
  # POST queries are "more secure!" but are also the source of hard-to-locate
  # annoyances, which is why GET may be better for end users and their browsers.
  # see https://github.com/searxng/searxng/pull/3619
  # Is overwritten by ${SEARXNG_METHOD}
  method: "POST"
  default_http_headers:
    X-Content-Type-Options: nosniff
    X-Download-Options: noopen
    X-Robots-Tag: noindex, nofollow
    Referrer-Policy: no-referrer

valkey:
  # URL to connect valkey database. Is overwritten by ${SEARXNG_VALKEY_URL}.
  # https://docs.searxng.org/admin/settings/settings_valkey.html#settings-valkey
  # url: valkey://localhost:6379/0
  url: false
--
  # Allow the connection pool to maintain keep-alive connections below this
  # point.
  pool_maxsize: 20
  # See https://www.python-httpx.org/http2/
  enable_http2: true
  # uncomment below section if you want to use a custom server certificate
  # see https://www.python-httpx.org/advanced/#changing-the-verification-defaults
  # and https://www.python-httpx.org/compatibility/#ssl-configuration
  #  verify: ~/.mitmproxy/mitmproxy-ca-cert.cer
  #
  # uncomment below section if you want to use a proxyq see: SOCKS proxies
  #   https://2.python-requests.org/en/latest/user/advanced/#proxies
  # are also supported: see
  #   https://2.python-requests.org/en/latest/user/advanced/#socks
  #
  #  proxies:
  #    all://:
  #      - http://proxy1:8080
  #      - http://proxy2:8080
  #
  #  using_tor_proxy: true
  #
  # Extra seconds to add in order to account for the time taken by the proxy
  #
  #  extra_proxy_timeout: 10
  #
--
    disabled: true
    inactive: true
    remove_ai_images: false
    pixiv_image_proxies:
      - https://pximg.example.org
      # A proxy is required to load the images. Hosting an image proxy server
      # for Pixiv:
      #    --> https://pixivfe-docs.pages.dev/hosting/image-proxy-server/
      # Proxies from public instances.  Ask the public instances owners if they
      # agree to receive traffic from SearXNG!
      #    --> https://codeberg.org/VnPower/PixivFE#instances
      #    --> https://github.com/searxng/searxng/pull/3192#issuecomment-1941095047
      # image proxy of https://pixiv.cat
      # - https://i.pixiv.cat
      # image proxy of https://www.pixiv.pics
      # - https://pximg.cocomi.eu.org
      # image proxy of https://pixivfe.exozy.me
      # - https://pximg.exozy.me
      # image proxy of https://pixivfe.ducks.party
      # - https://pixiv.ducks.party
      # image proxy of https://pixiv.perennialte.ch
      # - https://pximg.perennialte.ch

  - name: podcastindex
    engine: podcastindex
    shortcut: podcast

  # Required dependency: psychopg2
--
    disabled: true

  # Required dependency: valkey
  # - name: myvalkey
  #   shortcut : rds
  #   engine: valkey_server
  #   exact_match_only: false
  #   host: '127.0.0.1'
  #   port: 6379
  #   enable_http: true
  #   password: ''
  #   db: 0

  # tmp suspended: bad certificate
  #  - name: scanr structures
  #    shortcut: scs
  #    engine: scanr_structures
  #    disabled: true

  - name: searchmysite
    engine: xpath
    shortcut: sms
    categories: general
    paging: true
    search_url: https://searchmysite.net/search/?q={query}&page={pageno}
    results_xpath: //div[contains(@class,'search-result')]
--
    # See: https://mymemory.translated.net/doc/usagelimits.php
    # api_key: ''

  # Required dependency: mysql-connector-python
  #  - name: mysql
  #    engine: mysql_server
  #    database: mydatabase
  #    username: user
  #    password: [REDACTED:API key param]
  #    limit: 10
  #    query_str: 'SELECT * from mytable WHERE fieldname=%(query)s'
  #    shortcut: mysql

  # Required dependency: mariadb
  #  - name: mariadb
  #    engine: mariadb_server
  #    database: mydatabase
  #    username: user
  #    password: [REDACTED:API key param]
  #    limit: 10
  #    query_str: 'SELECT * from mytable WHERE fieldname=%(query)s'
  #    shortcut: mdb

  - name: 1337x
    engine: 1337x
    shortcut: 1337x
    disabled: true

  - name: duden
    engine: duden
    shortcut: du
    disabled: true

  - name: seznam
    shortcut: szn
    engine: seznam
--
#    engine: command
#    command: ['git', 'grep', '{{QUERY}}']
#    shortcut: gg
#    tokens: []
#    disabled: true
#    delimiter:
#        chars: ':'
#        keys: ['filepath', 'code']

# Be careful when enabling this engine if you are
# running a public instance. Do not expose any sensitive
# information. You can restrict access by configuring a list
# of access tokens under tokens.
#  - name: locate
#    engine: command
#    command: ['locate', '{{QUERY}}']
#    shortcut: loc
#    tokens: []
#    disabled: true
#    delimiter:
#        chars: ' '
#        keys: ['line']

# Be careful when enabling this engine if you are
# running a public instance. Do not expose any sensitive
# information. You can restrict access by configuring a list
# of access tokens under tokens.
#  - name: find
#    engine: command
#    command: ['find', '.', '-name', '{{QUERY}}']
#    query_type: path
#    shortcut: fnd
#    tokens: []
#    disabled: true
#    delimiter:
#        chars: ' '
#        keys: ['line']

# Be careful when enabling this engine if you are
# running a public instance. Do not expose any sensitive
# information. You can restrict access by configuring a list
# of access tokens under tokens.
#  - name: pattern search in files
#    engine: command
#    command: ['fgrep', '{{QUERY}}']
#    shortcut: fgr
#    tokens: []
#    disabled: true
#    delimiter:
#        chars: ' '
#        keys: ['line']

# Be careful when enabling this engine if you are
# running a public instance. Do not expose any sensitive
# information. You can restrict access by configuring a list
# of access tokens under tokens.
#  - name: regex search in files
#    engine: command
#    command: ['grep', '{{QUERY}}']
#    shortcut: gr
#    tokens: []
#    disabled: true
#    delimiter:
#        chars: ' '
#        keys: ['line']

doi_resolvers:
  oadoi.org: 'https://oadoi.org/'
  doi.org: 'https://doi.org/'
  sci-hub.se: 'https://sci-hub.se/'
  sci-hub.st: 'https://sci-hub.st/'
  sci-hub.ru: 'https://sci-hub.ru/'

default_doi_resolver: 'oadoi.org'
